Script started on 2024-11-07 15:12:01+09:00
[root@icesc10 ~]# reboot[2Pexitscript output2.txt1.txtexit[Kping 192.168.200.100[2P150.2
PING 192.168.150.2 (192.168.150.2) 56(84) bytes of data.
64 bytes from 192.168.150.2: icmp_seq=1 ttl=64 time=0.262 ms
64 bytes from 192.168.150.2: icmp_seq=2 ttl=64 time=0.142 ms
64 bytes from 192.168.150.2: icmp_seq=3 ttl=64 time=0.235 ms
64 bytes from 192.168.150.2: icmp_seq=4 ttl=64 time=0.197 ms
64 bytes from 192.168.150.2: icmp_seq=5 ttl=64 time=0.256 ms
64 bytes from 192.168.150.2: icmp_seq=6 ttl=64 time=0.249 ms
64 bytes from 192.168.150.2: icmp_seq=7 ttl=64 time=0.260 ms

--- 192.168.150.2 ping statistics ---
7 packets transmitted, 7 received, 0% packet loss, time 6185ms
rtt min/avg/max/mdev = 0.142/0.228/0.262/0.044 ms
[root@icesc10 ~]# ping 192.168.150.2[12Preboot[2Pexitscript output2.txt1.txtexit[Kping 192.168.200.100
PING 192.168.200.100 (192.168.200.100) 56(84) bytes of data.
64 bytes from 192.168.200.100: icmp_seq=1 ttl=64 time=0.587 ms
64 bytes from 192.168.200.100: icmp_seq=2 ttl=64 time=0.267 ms
64 bytes from 192.168.200.100: icmp_seq=3 ttl=64 time=0.203 ms
64 bytes from 192.168.200.100: icmp_seq=4 ttl=64 time=0.240 ms
64 bytes from 192.168.200.100: icmp_seq=5 ttl=64 time=0.163 ms
64 bytes from 192.168.200.100: icmp_seq=6 ttl=64 time=0.191 ms
64 bytes from 192.168.200.100: icmp_seq=7 ttl=64 time=0.142 ms

--- 192.168.200.100 ping statistics ---
7 packets transmitted, 7 received, 0% packet loss, time 6181ms
rtt min/avg/max/mdev = 0.142/0.256/0.587/0.140 ms
[root@icesc10 ~]# ssh ping 192.168.200.100[2P150.2[1P 192.168.150.2[1P 192.168.150.2[1P 192.168.150.2[1P 192.168.150.2s 192.168.150.2s 192.168.150.2h 192.168.150.2
The authenticity of host '192.168.150.2 (192.168.150.2)' can't be established.
ECDSA key fingerprint is SHA256:U9I9x013/aGGrIfAxJYvIx3dR3z0/UqFflYWxOf3JBo.
Are you sure you want to continue connecting (yes/no/[fingerprint])? yes
Warning: Permanently added '192.168.150.2' (ECDSA) to the list of known hosts.
root@192.168.150.2's password: 
[root@www ~]# ip addr show
1: lo: <LOOPBACK,UP,LOWER_UP> mtu 65536 qdisc noqueue state UNKNOWN group default qlen 1000
    link/loopback 00:00:00:00:00:00 brd 00:00:00:00:00:00
    inet 127.0.0.1/8 scope host lo
       valid_lft forever preferred_lft forever
    inet6 ::1/128 scope host 
       valid_lft forever preferred_lft forever
2: enp3s0: <BROADCAST,MULTICAST,UP,LOWER_UP> mtu 1500 qdisc fq_codel state UP group default qlen 1000
    link/ether 94:c6:91:a9:0c:0e brd ff:ff:ff:ff:ff:ff
    inet 192.168.150.2/24 brd 192.168.150.255 scope global dynamic noprefixroute enp3s0
       valid_lft 2591861sec preferred_lft 2591861sec
    inet6 fe80::96c6:91ff:fea9:c0e/64 scope link noprefixroute 
       valid_lft forever preferred_lft forever
3: wlp2s0: <BROADCAST,MULTICAST> mtu 1500 qdisc noop state DOWN group default qlen 1000
    link/ether 1c:1b:b5:47:ab:21 brd ff:ff:ff:ff:ff:ff
[root@www ~]# ip route
default via 198.168.150.1 dev enp3s0 proto dhcp src 192.168.150.2 metric 100 
192.168.150.0/24 dev enp3s0 proto kernel scope link src 192.168.150.2 metric 100 
198.168.150.1 dev enp3s0 proto dhcp scope link src 192.168.150.2 metric 100 
[root@www ~]# cat /etc/resolv.conf
# Generated by NetworkManager
search ice.nuie.nagoya-u.ac.jp
nameserver 10.10.1.2
[root@www ~]# exit
logout
Connection to 192.168.150.2 closed.
[root@icesc10 ~]# ssh 192.168.150.2ping 192.168.200.100[C[C[C[C[C[C[C[C[C[C[C[C[C[C[C[C[C[C[3Pssh 192.168.150.2[1P0.2[1P0.220.2[C0.2[C[C[C[K100
The authenticity of host '192.168.200.100 (192.168.200.100)' can't be established.
ECDSA key fingerprint is SHA256:Pelu91B0ukaQRmX8FSKvr5Ki7IcMC204Vw9aZALDee0.
Are you sure you want to continue connecting (yes/no/[fingerprint])? yes
Warning: Permanently added '192.168.200.100' (ECDSA) to the list of known hosts.
root@192.168.200.100's password: 
Permission denied, please try again.
root@192.168.200.100's password: 

[root@icesc10 ~]# ssh 192.168.200.100[C[C[C[C[C[C[C[C[C[C[Ci192.168.200.100c192.168.200.100e192.168.200.100@192.168.200.100[C[C[C[C[C[C[C[C[C[C[C[C[C[C[C
ice@192.168.200.100's password: 
[ice@internal ~]$ ip addr show
1: lo: <LOOPBACK,UP,LOWER_UP> mtu 65536 qdisc noqueue state UNKNOWN group default qlen 1000
    link/loopback 00:00:00:00:00:00 brd 00:00:00:00:00:00
    inet 127.0.0.1/8 scope host lo
       valid_lft forever preferred_lft forever
    inet6 ::1/128 scope host 
       valid_lft forever preferred_lft forever
2: enp3s0: <BROADCAST,MULTICAST,UP,LOWER_UP> mtu 1500 qdisc fq_codel state UP group default qlen 1000
    link/ether 94:c6:91:a8:81:ab brd ff:ff:ff:ff:ff:ff
    inet 192.168.200.100/24 brd 192.168.200.255 scope global dynamic noprefixroute enp3s0
       valid_lft 3311sec preferred_lft 3311sec
    inet6 fe80::96c6:91ff:fea8:81ab/64 scope link noprefixroute 
       valid_lft forever preferred_lft forever
3: wlp2s0: <BROADCAST,MULTICAST> mtu 1500 qdisc noop state DOWN group default qlen 1000
    link/ether 18:56:80:a7:d1:d6 brd ff:ff:ff:ff:ff:ff
[ice@internal ~]$ ip route
default via 198.168.200.1 dev enp3s0 proto dhcp src 192.168.200.100 metric 100 
192.168.200.0/24 dev enp3s0 proto kernel scope link src 192.168.200.100 metric 100 
198.168.200.1 dev enp3s0 proto dhcp scope link src 192.168.200.100 metric 100 
[ice@internal ~]$ cat /etc/resolve[K.conf
# Generated by NetworkManager
search ice.nuie.nagoya-u.ac.jp
nameserver 10.10.1.2
[ice@internal ~]$ ez[Kxt[Kit
logout
Connection to 192.168.200.100 closed.
[root@icesc10 ~]# exit
exit

Script done on 2024-11-07 15:16:49+09:00
